Choose category to play or type exit to leave
(1) Cars
(2) Animals
Type category number:Value does not match a category!
Type category number:Incorrect input, please try again!
Type category number:Incorrect input, please try again!
Type category number:Incorrect input, please try again!
Type category number:Incorrect input, please try again!
Type category number:Incorrect input, please try again!
Type category number:Incorrect input, please try again!
Type category number:Incorrect input, please try again!
Type category number:Thank you for playing
