Choose category to play or type exit to leave
(1) Cars
(2) Animals
Type category number:Thank you for playing
